data/system/us/seattle/maps/montlake.bin
    165 single blocks (0 failures to blockify), 1 partial merges, 0 failures to blockify partitions
data/system/us/seattle/maps/downtown.bin
    1462 single blocks (0 failures to blockify), 10 partial merges, 0 failures to blockify partitions
data/system/us/seattle/maps/lakeslice.bin
    1038 single blocks (3 failures to blockify), 3 partial merges, 0 failures to blockify partitions
data/system/us/phoenix/maps/tempe.bin
    445 single blocks (4 failures to blockify), 2 partial merges, 0 failures to blockify partitions
data/system/gb/leeds/maps/north.bin
    2629 single blocks (24 failures to blockify), 18 partial merges, 1 failures to blockify partitions
data/system/gb/bristol/maps/east.bin
    1085 single blocks (13 failures to blockify), 6 partial merges, 1 failures to blockify partitions
data/system/gb/london/maps/camden.bin
    3645 single blocks (18 failures to blockify), 19 partial merges, 0 failures to blockify partitions
data/system/gb/london/maps/southwark.bin
    3625 single blocks (34 failures to blockify), 30 partial merges, 0 failures to blockify partitions
